[INFO] Scanning for projects...
[INFO] 
[INFO] ---------------< com.salonbooking:salon-booking-backend >---------------
[INFO] Building salon-booking-backend 0.0.1-SNAPSHOT
[INFO]   from pom.xml
[INFO] --------------------------------[ jar ]---------------------------------
[INFO] 
[INFO] --- clean:3.3.2:clean (default-clean) @ salon-booking-backend ---
[INFO] Deleting /Users/adithya/Developer/SM_SALOON/salon-booking-backend/target
[INFO] 
[INFO] >>> spring-boot:3.2.4:run (default-cli) > test-compile @ salon-booking-backend >>>
[INFO] 
[INFO] --- resources:3.3.1:resources (default-resources) @ salon-booking-backend ---
[INFO] Copying 3 resources from src/main/resources to target/classes
[INFO] Copying 5 resources from src/main/resources to target/classes
[INFO] 
[INFO] --- compiler:3.13.0:compile (default-compile) @ salon-booking-backend ---
[INFO] Recompiling the module because of changed source code.
[INFO] Compiling 97 source files with javac [debug parameters release 21] to target/classes
[INFO] ------------------------------------------------------------------------
[INFO] BUILD FAILURE
[INFO] ------------------------------------------------------------------------
[INFO] Total time:  2.031 s
[INFO] Finished at: 2026-08-09T05:47:30-07:00
[INFO] ------------------------------------------------------------------------
[ERROR] Failed to execute goal org.apache.maven.plugins:maven-compiler-plugin:3.13.0:compile (default-compile) on project salon-booking-backend: Fatal error compiling: java.lang.ExceptionInInitializerError: com.sun.tools.javac.code.TypeTag :: UNKNOWN -> [Help 1]
[ERROR] 
[ERROR] To see the full stack trace of the errors, re-run Maven with the -e switch.
[ERROR] Re-run Maven using the -X switch to enable full debug logging.
[ERROR] 
[ERROR] For more information about the errors and possible solutions, please read the following articles:
[ERROR] [Help 1] http://cwiki.apache.org/confluence/display/MAVEN/MojoExecutionException
